// Jest Snapshot v1, https://goo.gl/fbAQLP

exports[`CollectionReducer.resolve entity.collection - throw error if value not array 1`] = `[Error: "collection:noValue" received acc.value = null of type null this entity only process Array values. More info https://github.com/ViacomInc/data-point/tree/master/packages/data-point#collection-entity]`;
